// Jest Snapshot v1, https://goo.gl/fbAQLP

exports[`Components > Card <Card {...props} /> should render correctly 1`] = `
<View
  accessible={true}
  collapsable={false}
  focusable={true}
  onClick={[Function]}
  onResponderGrant={[Function]}
  onResponderMove={[Function]}
  onResponderRelease={[Function]}
  onResponderTerminate={[Function]}
  onResponderTerminationRequest={[Function]}
  onStartShouldSetResponder={[Function]}
  style={
    Object {
      "backgroundColor": "#FFFFFF",
      "borderRadius": 8,
      "elevation": 3,
      "flexDirection": "row",
      "marginBottom": 16,
      "opacity": 1,
      "padding": 12,
      "shadowColor": "#000000",
      "shadowOffset": Object {
        "height": 1,
        "width": 0,
      },
      "shadowOpacity": 0.22,
      "shadowRadius": 2.22,
    }
  }
>
  <Image
    resizeMode="cover"
    source={
      Object {
        "uri": "https://via.placeholder.com/100",
      }
    }
    style={
      Object {
        "borderRadius": 4,
        "height": 80,
        "marginRight": 12,
        "width": 80,
      }
    }
  />
  <View
    style={
      Object {
        "flex": 1,
        "height": 80,
        "justifyContent": "space-between",
      }
    }
  >
    <View
      style={
        Object {
          "flexDirection": "row",
          "flexWrap": "wrap",
          "marginBottom": 2,
        }
      }
    >
      <View
        style={
          Array [
            Object {
              "alignItems": "center",
              "flexDirection": "row",
            },
            undefined,
          ]
        }
      >
        <Text
          style={
            Object {
              "color": "#999999",
              "fontSize": 12,
              "fontWeight": "bold",
              "marginRight": 2,
            }
          }
        >
          T Label
        </Text>
        <Text
          numberOfLines={1}
          style={
            Object {
              "color": "#999999",
              "fontSize": 12,
              "fontWeight": "normal",
            }
          }
        >
          T Text
        </Text>
      </View>
    </View>
    <Text
      numberOfLines={2}
      style={
        Object {
          "color": "#000000",
          "fontSize": 14,
          "fontWeight": "500",
        }
      }
    >
      Test Card
    </Text>
    <View
      style={
        Object {
          "flexDirection": "row",
          "flexWrap": "wrap",
          "marginTop": 2,
        }
      }
    >
      <View
        style={
          Array [
            Object {
              "alignItems": "center",
              "flexDirection": "row",
            },
            undefined,
          ]
        }
      >
        <Text
          style={
            Object {
              "color": "#999999",
              "fontSize": 12,
              "fontWeight": "bold",
              "marginRight": 2,
            }
          }
        >
          B Label
        </Text>
        <Text
          numberOfLines={1}
          style={
            Object {
              "color": "#999999",
              "fontSize": 12,
              "fontWeight": "normal",
            }
          }
        >
          B Text
        </Text>
      </View>
    </View>
  </View>
</View>
`;
