// Jest Snapshot v1, https://goo.gl/fbAQLP

exports[`Components > Button <Button {...props} /> should render correctly 1`] = `
<View
  accessible={true}
  collapsable={false}
  focusable={true}
  onClick={[Function]}
  onResponderGrant={[Function]}
  onResponderMove={[Function]}
  onResponderRelease={[Function]}
  onResponderTerminate={[Function]}
  onResponderTerminationRequest={[Function]}
  onStartShouldSetResponder={[Function]}
  style={
    Object {
      "alignItems": "center",
      "borderColor": "#FF4400",
      "borderRadius": 8,
      "borderWidth": 2,
      "flexDirection": "row",
      "margin": 4,
      "opacity": 1,
      "paddingHorizontal": 6,
      "paddingVertical": 4,
    }
  }
>
  <Text
    allowFontScaling={false}
    selectable={false}
    style={
      Array [
        Object {
          "color": "#FF4400",
          "fontSize": 16,
        },
        undefined,
        Object {
          "fontFamily": "Material Design Icons",
          "fontStyle": "normal",
          "fontWeight": "normal",
        },
        Object {},
      ]
    }
  >
    ó°…–
  </Text>
  <Text
    style={
      Object {
        "color": "#FF4400",
        "fontSize": 14,
        "fontWeight": "600",
        "paddingHorizontal": 2,
        "textTransform": "capitalize",
      }
    }
  >
    Test Button
  </Text>
</View>
`;
